---
source: crates/dust-ast/src/tests/expression.rs
expression: expressions
---
[
  {
    "Literal": {
      "lit": {
        "Number": 4.0
      },
      "span": {
        "offset": 26,
        "length": 5
      }
    }
  },
  {
    "Literal": {
      "lit": {
        "Bool": true
      },
      "span": {
        "offset": 32,
        "length": 18
      }
    }
  },
  {
    "Literal": {
      "lit": {
        "Bool": false
      },
      "span": {
        "offset": 51,
        "length": 17
      }
    }
  }
]
