---
source: crates/dust-ast/src/tests/item.rs
expression: module
---
{
  "ident": 0,
  "ident_span": null,
  "items": [
    {
      "vis": null,
      "type": {
        "Func": {
          "ident": {
            "symbol": 1,
            "span": {
              "offset": 3,
              "length": 5
            }
          },
          "block": {
            "stmts": [],
            "expr": {
              "Literal": {
                "lit": {
                  "Number": 15.0
                },
                "span": {
                  "offset": 17,
                  "length": 9
                }
              }
            },
            "span": {
              "offset": 11,
              "length": 17
            }
          },
          "span": {
            "offset": 0,
            "length": 28
          }
        }
      },
      "span": {
        "offset": 0,
        "length": 28
      }
    },
    {
      "vis": {
        "type": "Pub",
        "span": {
          "offset": 30,
          "length": 3
        }
      },
      "type": {
        "Func": {
          "ident": {
            "symbol": 2,
            "span": {
              "offset": 37,
              "length": 6
            }
          },
          "block": {
            "stmts": [
              {
                "Let": {
                  "ident": {
                    "symbol": 3,
                    "span": {
                      "offset": 56,
                      "length": 3
                    }
                  },
                  "expr": {
                    "Literal": {
                      "lit": {
                        "Number": 15.0
                      },
                      "span": {
                        "offset": 62,
                        "length": 9
                      }
                    }
                  },
                  "span": {
                    "offset": 52,
                    "length": 20
                  }
                }
              },
              {
                "Let": {
                  "ident": {
                    "symbol": 4,
                    "span": {
                      "offset": 81,
                      "length": 3
                    }
                  },
                  "expr": null,
                  "span": {
                    "offset": 77,
                    "length": 8
                  }
                }
              }
            ],
            "expr": {
              "Path": {
                "cmpts": [
                  {
                    "symbol": 3,
                    "span": {
                      "offset": 90,
                      "length": 3
                    }
                  }
                ],
                "span": {
                  "offset": 90,
                  "length": 3
                }
              }
            },
            "span": {
              "offset": 46,
              "length": 49
            }
          },
          "span": {
            "offset": 34,
            "length": 61
          }
        }
      },
      "span": {
        "offset": 30,
        "length": 65
      }
    },
    {
      "vis": null,
      "type": {
        "Func": {
          "ident": {
            "symbol": 5,
            "span": {
              "offset": 100,
              "length": 5
            }
          },
          "block": {
            "stmts": [
              {
                "Item": {
                  "vis": null,
                  "type": {
                    "Func": {
                      "ident": {
                        "symbol": 6,
                        "span": {
                          "offset": 117,
                          "length": 6
                        }
                      },
                      "block": {
                        "stmts": [],
                        "expr": {
                          "Literal": {
                            "lit": {
                              "Number": 3.0
                            },
                            "span": {
                              "offset": 136,
                              "length": 9
                            }
                          }
                        },
                        "span": {
                          "offset": 126,
                          "length": 25
                        }
                      },
                      "span": {
                        "offset": 114,
                        "length": 37
                      }
                    }
                  },
                  "span": {
                    "offset": 114,
                    "length": 37
                  }
                }
              }
            ],
            "expr": {
              "Literal": {
                "lit": {
                  "Number": 5.0
                },
                "span": {
                  "offset": 156,
                  "length": 3
                }
              }
            },
            "span": {
              "offset": 108,
              "length": 53
            }
          },
          "span": {
            "offset": 97,
            "length": 64
          }
        }
      },
      "span": {
        "offset": 97,
        "length": 64
      }
    },
    {
      "vis": null,
      "type": {
        "Module": {
          "ident": 7,
          "ident_span": {
            "offset": 167,
            "length": 4
          },
          "items": [
            {
              "vis": null,
              "type": {
                "Func": {
                  "ident": {
                    "symbol": 8,
                    "span": {
                      "offset": 181,
                      "length": 5
                    }
                  },
                  "block": {
                    "stmts": [
                      {
                        "Item": {
                          "vis": null,
                          "type": {
                            "Module": {
                              "ident": 4,
                              "ident_span": {
                                "offset": 203,
                                "length": 3
                              },
                              "items": [
                                {
                                  "vis": null,
                                  "type": {
                                    "Func": {
                                      "ident": {
                                        "symbol": 9,
                                        "span": {
                                          "offset": 224,
                                          "length": 5
                                        }
                                      },
                                      "block": {
                                        "stmts": [],
                                        "expr": {
                                          "Literal": {
                                            "lit": {
                                              "Number": 25.0
                                            },
                                            "span": {
                                              "offset": 251,
                                              "length": 16
                                            }
                                          }
                                        },
                                        "span": {
                                          "offset": 232,
                                          "length": 49
                                        }
                                      },
                                      "span": {
                                        "offset": 221,
                                        "length": 60
                                      }
                                    }
                                  },
                                  "span": {
                                    "offset": 221,
                                    "length": 60
                                  }
                                }
                              ],
                              "span": {
                                "offset": 199,
                                "length": 92
                              }
                            }
                          },
                          "span": {
                            "offset": 199,
                            "length": 92
                          }
                        }
                      }
                    ],
                    "expr": {
                      "Binary": {
                        "lhs": {
                          "Block": {
                            "stmts": [],
                            "expr": {
                              "Literal": {
                                "lit": {
                                  "Number": 5.0
                                },
                                "span": {
                                  "offset": 303,
                                  "length": 3
                                }
                              }
                            },
                            "span": {
                              "offset": 301,
                              "length": 7
                            }
                          }
                        },
                        "rhs": {
                          "Literal": {
                            "lit": {
                              "Number": 2.0
                            },
                            "span": {
                              "offset": 311,
                              "length": 3
                            }
                          }
                        },
                        "op": "Mul",
                        "span": {
                          "offset": 301,
                          "length": 13
                        }
                      }
                    },
                    "span": {
                      "offset": 189,
                      "length": 131
                    }
                  },
                  "span": {
                    "offset": 178,
                    "length": 142
                  }
                }
              },
              "span": {
                "offset": 178,
                "length": 142
              }
            }
          ],
          "span": {
            "offset": 163,
            "length": 159
          }
        }
      },
      "span": {
        "offset": 163,
        "length": 159
      }
    }
  ],
  "span": {
    "offset": 0,
    "length": 322
  }
}
